[2026-06-26 11:26:59] [INFO] Python executable: C:\Users\User\AppData\Local\Programs\Python\Python314\python.exe
[2026-06-26 11:26:59] [INFO] Python version: 3.14.5
[2026-06-26 11:26:59] [INFO] Working directory: d:\works\AGrav\00_Система\Инструменты\Python_Excel
[2026-06-26 11:26:59] [INFO] OpenCV version: 4.13.0
[2026-06-26 11:26:59] [INFO] NumPy version: 2.4.6
[2026-06-26 11:26:59] [INFO] Pillow version: 12.2.0
[2026-06-26 11:26:59] [INFO] pytesseract version: 0.3.13
[2026-06-26 11:26:59] [INFO] Tesseract version: 5.4.0.20240606
[2026-06-26 11:26:59] [INFO] Tesseract command: C:\Program Files\Tesseract-OCR\tesseract.exe
[2026-06-26 11:26:59] [INFO] Проверка языкового пакета: d:\works\AGrav\00_Система\Инструменты\Python_Excel\tessdata\rus.traineddata
[2026-06-26 11:26:59] [INFO] Установлен TESSDATA_PREFIX: d:\works\AGrav\00_Система\Инструменты\Python_Excel\tessdata
[2026-06-26 11:26:59] [INFO] Найдено файлов для обработки: 4
[2026-06-26 11:26:59] [INFO] Загружен словарь сотрудников: 15 имен.
[2026-06-26 11:26:59] [INFO] Обработка debug_grid_РСС_МАЙ26_1.png...
[2026-06-26 11:26:59] [DEBUG] Файл debug_grid_РСС_МАЙ26_1.png: размер 1120x369
[2026-06-26 11:26:59] [INFO] Найдено линий: X=17, Y=27
[2026-06-26 11:26:59] [INFO] Найдено зарплатных блоков: 7
[2026-06-26 11:26:59] [INFO] Определена ожидаемая строка ИТОГО К ВЫПЛАТЕ по умолчанию: индекс 20
[2026-06-26 11:27:00] [INFO] Блок 1: лучший OCR ФИО 'Баженова Н.М' (adaptive, score=1.000) -> 'Баженова Н.М.'
[2026-06-26 11:27:00] [INFO] Обработка колонки человека: Баженова Н.М
[2026-06-26 11:27:00] [INFO] Блок 1: OCR имени 'Баженова Н.М' -> 'Баженова Н.М.' (1.000). Топ: Баженова Н.М.:1.00, Лобачев А.Г.:0.53, Горенков А.В.:0.50
[2026-06-26 11:27:00] [INFO] Имя после очистки и коррекции: Баженова Н.М.
[2026-06-26 11:27:01] [INFO] Блок 1: Баженова Н.М. -> 165995.0 (OCR='165995')
[2026-06-26 11:27:01] [INFO] Строка ИТОГО К ВЫПЛАТЕ зафиксирована на индексе 20
[2026-06-26 11:27:01] [INFO] Итого: Баженова Н.М. -> 165995.0
[2026-06-26 11:27:01] [INFO] Блок 2: лучший OCR ФИО 'оренков А.В' (otsu, score=0.957) -> 'Горенков А.В.'
[2026-06-26 11:27:01] [INFO] Обработка колонки человека: оренков А.В
[2026-06-26 11:27:01] [INFO] Блок 2: OCR имени 'оренков А.В' -> 'Горенков А.В.' (0.957). Топ: Горенков А.В.:0.96, Коршунов А.А.:0.70, Грязнев А.А.:0.55
[2026-06-26 11:27:01] [INFO] Имя после очистки и коррекции: Горенков А.В.
[2026-06-26 11:27:01] [INFO] Блок 2: Горенков А.В. -> 179999.0 (OCR='179999')
[2026-06-26 11:27:01] [INFO] Итого: Горенков А.В. -> 179999.0
[2026-06-26 11:27:02] [INFO] Блок 3: лучший OCR ФИО 'Грязнев А.А' (otsu, score=1.000) -> 'Грязнев А.А.'
[2026-06-26 11:27:02] [INFO] Обработка колонки человека: Грязнев А.А
[2026-06-26 11:27:02] [INFO] Блок 3: OCR имени 'Грязнев А.А' -> 'Грязнев А.А.' (1.000). Топ: Грязнев А.А.:1.00, Коршунов А.А.:0.61, Горенков А.В.:0.61
[2026-06-26 11:27:02] [INFO] Имя после очистки и коррекции: Грязнев А.А.
[2026-06-26 11:27:02] [INFO] Блок 3: Грязнев А.А. -> 185526.0 (OCR='185526')
[2026-06-26 11:27:02] [INFO] Итого: Грязнев А.А. -> 185526.0
[2026-06-26 11:27:02] [INFO] Блок 4: лучший OCR ФИО 'данилин А.Р' (gray, score=1.000) -> 'Данилин А.Р.'
[2026-06-26 11:27:02] [INFO] Обработка колонки человека: данилин А.Р
[2026-06-26 11:27:02] [INFO] Блок 4: OCR имени 'данилин А.Р' -> 'Данилин А.Р.' (1.000). Топ: Данилин А.Р.:1.00, Скрипник А-р А.:0.48, Потолочин И.М.:0.42
[2026-06-26 11:27:02] [INFO] Имя после очистки и коррекции: Данилин А.Р.
[2026-06-26 11:27:03] [INFO] Блок 4: Данилин А.Р. -> 150000.0 (OCR='150000')
[2026-06-26 11:27:03] [INFO] Итого: Данилин А.Р. -> 150000.0
[2026-06-26 11:27:03] [INFO] Блок 5: лучший OCR ФИО 'Коростелев О.Б' (gray, score=1.000) -> 'Коростелев О.Б.'
[2026-06-26 11:27:03] [INFO] Обработка колонки человека: Коростелев О.Б
[2026-06-26 11:27:03] [INFO] Блок 5: OCR имени 'Коростелев О.Б' -> 'Коростелев О.Б.' (1.000). Топ: Коростелев О.Б.:1.00, Коршунов А.А.:0.55, Силаев С.Г.:0.50
[2026-06-26 11:27:03] [INFO] Имя после очистки и коррекции: Коростелев О.Б.
[2026-06-26 11:27:04] [INFO] Блок 5: Коростелев О.Б. -> 162507.0 (OCR='162507')
[2026-06-26 11:27:04] [INFO] Итого: Коростелев О.Б. -> 162507.0
[2026-06-26 11:27:04] [INFO] Блок 6: лучший OCR ФИО 'Коршунов А.А' (gray, score=1.000) -> 'Коршунов А.А.'
[2026-06-26 11:27:04] [INFO] Обработка колонки человека: Коршунов А.А
[2026-06-26 11:27:04] [INFO] Блок 6: OCR имени 'Коршунов А.А' -> 'Коршунов А.А.' (1.000). Топ: Коршунов А.А.:1.00, Горенков А.В.:0.67, Грязнев А.А.:0.61
[2026-06-26 11:27:04] [INFO] Имя после очистки и коррекции: Коршунов А.А.
[2026-06-26 11:27:04] [INFO] Блок 6: Коршунов А.А. -> 176053.0 (OCR='176053')
[2026-06-26 11:27:04] [INFO] Итого: Коршунов А.А. -> 176053.0
[2026-06-26 11:27:05] [INFO] Блок 7: лучший OCR ФИО 'Лазарев А.Е' (gray, score=1.000) -> 'Лазарев А.Е.'
[2026-06-26 11:27:05] [INFO] Обработка колонки человека: Лазарев А.Е
[2026-06-26 11:27:05] [INFO] Блок 7: OCR имени 'Лазарев А.Е' -> 'Лазарев А.Е.' (1.000). Топ: Лазарев А.Е.:1.00, Лобачев А.Г.:0.64, Силаев С.Г.:0.60
[2026-06-26 11:27:05] [INFO] Имя после очистки и коррекции: Лазарев А.Е.
[2026-06-26 11:27:05] [INFO] Блок 7: Лазарев А.Е. -> 184399.0 (OCR='184399')
[2026-06-26 11:27:05] [INFO] Итого: Лазарев А.Е. -> 184399.0
[2026-06-26 11:27:05] [INFO] Обработка debug_grid_РСС_МАЙ26_2.png...
[2026-06-26 11:27:05] [DEBUG] Файл debug_grid_РСС_МАЙ26_2.png: размер 1272x355
[2026-06-26 11:27:05] [INFO] Найдено линий: X=22, Y=26
[2026-06-26 11:27:05] [INFO] Найдено зарплатных блоков: 8
[2026-06-26 11:27:05] [INFO] Определена ожидаемая строка ИТОГО К ВЫПЛАТЕ по умолчанию: индекс 20
[2026-06-26 11:27:05] [INFO] Блок 1: лучший OCR ФИО 'лобачев А.Г' (adaptive, score=1.000) -> 'Лобачев А.Г.'
[2026-06-26 11:27:05] [INFO] Обработка колонки человека: лобачев А.Г
[2026-06-26 11:27:05] [INFO] Блок 1: OCR имени 'лобачев А.Г' -> 'Лобачев А.Г.' (1.000). Топ: Лобачев А.Г.:1.00, Силаев С.Г.:0.67, Лазарев А.Е.:0.64
[2026-06-26 11:27:05] [INFO] Имя после очистки и коррекции: Лобачев А.Г.
[2026-06-26 11:27:06] [INFO] Блок 1: Лобачев А.Г. -> 245000.0 (OCR='245000')
[2026-06-26 11:27:06] [INFO] Строка ИТОГО К ВЫПЛАТЕ зафиксирована на индексе 20
[2026-06-26 11:27:06] [INFO] Итого: Лобачев А.Г. -> 245000.0
[2026-06-26 11:27:06] [INFO] Блок 2: лучший OCR ФИО 'Потолочин И М' (gray, score=1.000) -> 'Потолочин И.М.'
[2026-06-26 11:27:06] [INFO] Обработка колонки человека: Потолочин И М
[2026-06-26 11:27:06] [INFO] Блок 2: OCR имени 'Потолочин И М' -> 'Потолочин И.М.' (1.000). Топ: Потолочин И.М.:1.00, Потолочин М.П.:0.84, Проскурин М.А.:0.46
[2026-06-26 11:27:06] [INFO] Имя после очистки и коррекции: Потолочин И.М.
[2026-06-26 11:27:06] [INFO] Блок 2: Потолочин И.М. -> 196400.0 (OCR='196400')
[2026-06-26 11:27:06] [INFO] Итого: Потолочин И.М. -> 196400.0
[2026-06-26 11:27:07] [INFO] Блок 3: лучший OCR ФИО 'потолочин М.п' (adaptive, score=1.000) -> 'Потолочин М.П.'
[2026-06-26 11:27:07] [INFO] Обработка колонки человека: потолочин М.п
[2026-06-26 11:27:07] [INFO] Блок 3: OCR имени 'потолочин М.п' -> 'Потолочин М.П.' (1.000). Топ: Потолочин М.П.:1.00, Потолочин И.М.:0.84, Проскурин М.А.:0.54
[2026-06-26 11:27:07] [INFO] Имя после очистки и коррекции: Потолочин М.П.
[2026-06-26 11:27:07] [INFO] Блок 3: Потолочин М.П. -> 241995.0 (OCR='241995')
[2026-06-26 11:27:07] [INFO] Итого: Потолочин М.П. -> 241995.0
[2026-06-26 11:27:08] [INFO] Блок 4: лучший OCR ФИО 'Проскурин М.А' (otsu, score=1.000) -> 'Проскурин М.А.'
[2026-06-26 11:27:08] [INFO] Обработка колонки человека: Проскурин М.А
[2026-06-26 11:27:08] [INFO] Блок 4: OCR имени 'Проскурин М.А' -> 'Проскурин М.А.' (1.000). Топ: Проскурин М.А.:1.00, Скрипник А-й.А.:0.57, Скрипник А-р А.:0.57
[2026-06-26 11:27:08] [INFO] Имя после очистки и коррекции: Проскурин М.А.
[2026-06-26 11:27:08] [INFO] Блок 4: Проскурин М.А. -> 167148.0 (OCR='1671481')
[2026-06-26 11:27:08] [INFO] Итого: Проскурин М.А. -> 167148.0
[2026-06-26 11:27:08] [INFO] Блок 5: лучший OCR ФИО 'Силаев С.Г' (otsu, score=1.000) -> 'Силаев С.Г.'
[2026-06-26 11:27:08] [INFO] Обработка колонки человека: Силаев С.Г
[2026-06-26 11:27:08] [INFO] Блок 5: OCR имени 'Силаев С.Г' -> 'Силаев С.Г.' (1.000). Топ: Силаев С.Г.:1.00, Лобачев А.Г.:0.67, Лазарев А.Е.:0.60
[2026-06-26 11:27:08] [INFO] Имя после очистки и коррекции: Силаев С.Г.
[2026-06-26 11:27:09] [INFO] Блок 5: Силаев С.Г. -> 205001.0 (OCR='205001')
[2026-06-26 11:27:09] [INFO] Итого: Силаев С.Г. -> 205001.0
[2026-06-26 11:27:09] [INFO] Блок 6: лучший OCR ФИО 'Скрипник А-р.А' (otsu, score=1.000) -> 'Скрипник А-р А.'
[2026-06-26 11:27:09] [INFO] Обработка колонки человека: Скрипник А-р.А
[2026-06-26 11:27:09] [INFO] Блок 6: OCR имени 'Скрипник А-р.А' -> 'Скрипник А-р А.' (1.000). Топ: Скрипник А-р А.:1.00, Скрипник А-й.А.:0.92, Проскурин М.А.:0.57
[2026-06-26 11:27:09] [INFO] Имя после очистки и коррекции: Скрипник А-р А.
[2026-06-26 11:27:10] [INFO] Блок 6: Скрипник А-р А. -> 308312.0 (OCR='308312')
[2026-06-26 11:27:10] [INFO] Итого: Скрипник А-р А. -> 308312.0
[2026-06-26 11:27:10] [INFO] Блок 7: лучший OCR ФИО 'Скрипник А А' (adaptive, score=0.901) -> 'Скрипник А-й.А.'
[2026-06-26 11:27:10] [INFO] Обработка колонки человека: Скрипник А А
[2026-06-26 11:27:10] [INFO] Блок 7: OCR имени 'Скрипник А А' -> 'Скрипник А-й.А.' (0.901). Топ: Скрипник А-й.А.:0.90, Скрипник А-р А.:0.90, Коршунов А.А.:0.58
[2026-06-26 11:27:10] [INFO] Имя после очистки и коррекции: Скрипник А-й.А.
[2026-06-26 11:27:11] [INFO] Блок 7: Скрипник А-й.А. -> 352699.0 (OCR='352699')
[2026-06-26 11:27:11] [INFO] Итого: Скрипник А-й.А. -> 352699.0
[2026-06-26 11:27:11] [INFO] Блок 8: лучший OCR ФИО 'Фокин С.В' (otsu, score=1.000) -> 'Фокин С.В.'
[2026-06-26 11:27:11] [INFO] Обработка колонки человека: Фокин С.В
[2026-06-26 11:27:11] [INFO] Блок 8: OCR имени 'Фокин С.В' -> 'Фокин С.В.' (1.000). Топ: Фокин С.В.:1.00, Проскурин М.А.:0.56, Горенков А.В.:0.48
[2026-06-26 11:27:11] [INFO] Имя после очистки и коррекции: Фокин С.В.
[2026-06-26 11:27:11] [INFO] Блок 8: Фокин С.В. -> 185001.0 (OCR='185001')
[2026-06-26 11:27:11] [INFO] Итого: Фокин С.В. -> 185001.0
[2026-06-26 11:27:11] [INFO] Обработка РСС_МАЙ26_1.JPG...
[2026-06-26 11:27:11] [DEBUG] Файл РСС_МАЙ26_1.JPG: размер 1120x369
[2026-06-26 11:27:11] [INFO] Найдено линий: X=21, Y=27
[2026-06-26 11:27:11] [INFO] Найдено зарплатных блоков: 7
[2026-06-26 11:27:11] [INFO] Определена ожидаемая строка ИТОГО К ВЫПЛАТЕ по умолчанию: индекс 20
[2026-06-26 11:27:12] [INFO] Блок 1: лучший OCR ФИО 'Баженова Н.М' (adaptive, score=1.000) -> 'Баженова Н.М.'
[2026-06-26 11:27:12] [INFO] Обработка колонки человека: Баженова Н.М
[2026-06-26 11:27:12] [INFO] Блок 1: OCR имени 'Баженова Н.М' -> 'Баженова Н.М.' (1.000). Топ: Баженова Н.М.:1.00, Лобачев А.Г.:0.53, Горенков А.В.:0.50
[2026-06-26 11:27:12] [INFO] Имя после очистки и коррекции: Баженова Н.М.
[2026-06-26 11:27:12] [INFO] Блок 1: Баженова Н.М. -> 165995.0 (OCR='165995')
[2026-06-26 11:27:12] [INFO] Строка ИТОГО К ВЫПЛАТЕ зафиксирована на индексе 20
[2026-06-26 11:27:12] [INFO] Итого: Баженова Н.М. -> 165995.0
[2026-06-26 11:27:12] [INFO] Блок 2: лучший OCR ФИО 'горенков А. В' (otsu, score=1.000) -> 'Горенков А.В.'
[2026-06-26 11:27:12] [INFO] Обработка колонки человека: горенков А. В
[2026-06-26 11:27:12] [INFO] Блок 2: OCR имени 'горенков А. В' -> 'Горенков А.В.' (1.000). Топ: Горенков А.В.:1.00, Коршунов А.А.:0.67, Грязнев А.А.:0.61
[2026-06-26 11:27:12] [INFO] Имя после очистки и коррекции: Горенков А.В.
[2026-06-26 11:27:13] [INFO] Блок 2: Горенков А.В. -> 179999.0 (OCR='179999')
[2026-06-26 11:27:13] [INFO] Итого: Горенков А.В. -> 179999.0
[2026-06-26 11:27:13] [INFO] Блок 3: лучший OCR ФИО 'грязнев А.А' (otsu, score=1.000) -> 'Грязнев А.А.'
[2026-06-26 11:27:13] [INFO] Обработка колонки человека: грязнев А.А
[2026-06-26 11:27:13] [INFO] Блок 3: OCR имени 'грязнев А.А' -> 'Грязнев А.А.' (1.000). Топ: Грязнев А.А.:1.00, Коршунов А.А.:0.61, Горенков А.В.:0.61
[2026-06-26 11:27:13] [INFO] Имя после очистки и коррекции: Грязнев А.А.
[2026-06-26 11:27:14] [INFO] Блок 3: Грязнев А.А. -> 185526.0 (OCR='185526')
[2026-06-26 11:27:14] [INFO] Итого: Грязнев А.А. -> 185526.0
[2026-06-26 11:27:14] [INFO] Блок 4: лучший OCR ФИО 'Данилин А.Р' (adaptive, score=1.000) -> 'Данилин А.Р.'
[2026-06-26 11:27:14] [INFO] Обработка колонки человека: Данилин А.Р
[2026-06-26 11:27:14] [INFO] Блок 4: OCR имени 'Данилин А.Р' -> 'Данилин А.Р.' (1.000). Топ: Данилин А.Р.:1.00, Скрипник А-р А.:0.48, Потолочин И.М.:0.42
[2026-06-26 11:27:14] [INFO] Имя после очистки и коррекции: Данилин А.Р.
[2026-06-26 11:27:15] [INFO] Блок 4: Данилин А.Р. -> 150000.0 (OCR='150000')
[2026-06-26 11:27:15] [INFO] Итого: Данилин А.Р. -> 150000.0
[2026-06-26 11:27:15] [INFO] Блок 5: лучший OCR ФИО 'Коростелев О.Б' (gray, score=1.000) -> 'Коростелев О.Б.'
[2026-06-26 11:27:15] [INFO] Обработка колонки человека: Коростелев О.Б
[2026-06-26 11:27:15] [INFO] Блок 5: OCR имени 'Коростелев О.Б' -> 'Коростелев О.Б.' (1.000). Топ: Коростелев О.Б.:1.00, Коршунов А.А.:0.55, Силаев С.Г.:0.50
[2026-06-26 11:27:15] [INFO] Имя после очистки и коррекции: Коростелев О.Б.
[2026-06-26 11:27:16] [INFO] Блок 5: Коростелев О.Б. -> 162507.0 (OCR='162507')
[2026-06-26 11:27:16] [INFO] Итого: Коростелев О.Б. -> 162507.0
[2026-06-26 11:27:16] [INFO] Блок 6: лучший OCR ФИО 'Коршунов А.А' (otsu, score=1.000) -> 'Коршунов А.А.'
[2026-06-26 11:27:16] [INFO] Обработка колонки человека: Коршунов А.А
[2026-06-26 11:27:16] [INFO] Блок 6: OCR имени 'Коршунов А.А' -> 'Коршунов А.А.' (1.000). Топ: Коршунов А.А.:1.00, Горенков А.В.:0.67, Грязнев А.А.:0.61
[2026-06-26 11:27:16] [INFO] Имя после очистки и коррекции: Коршунов А.А.
[2026-06-26 11:27:16] [INFO] Блок 6: Коршунов А.А. -> 176053.0 (OCR='176053')
[2026-06-26 11:27:16] [INFO] Итого: Коршунов А.А. -> 176053.0
[2026-06-26 11:27:17] [INFO] Блок 7: лучший OCR ФИО 'лазарев А.Е' (otsu, score=1.000) -> 'Лазарев А.Е.'
[2026-06-26 11:27:17] [INFO] Обработка колонки человека: лазарев А.Е
[2026-06-26 11:27:17] [INFO] Блок 7: OCR имени 'лазарев А.Е' -> 'Лазарев А.Е.' (1.000). Топ: Лазарев А.Е.:1.00, Лобачев А.Г.:0.64, Силаев С.Г.:0.60
[2026-06-26 11:27:17] [INFO] Имя после очистки и коррекции: Лазарев А.Е.
[2026-06-26 11:27:17] [INFO] Блок 7: Лазарев А.Е. -> 184399.0 (OCR='184399')
[2026-06-26 11:27:17] [INFO] Итого: Лазарев А.Е. -> 184399.0
[2026-06-26 11:27:17] [INFO] Обработка РСС_МАЙ26_2.JPG...
[2026-06-26 11:27:17] [DEBUG] Файл РСС_МАЙ26_2.JPG: размер 1272x355
[2026-06-26 11:27:17] [INFO] Найдено линий: X=24, Y=26
[2026-06-26 11:27:17] [INFO] Найдено зарплатных блоков: 8
[2026-06-26 11:27:17] [INFO] Определена ожидаемая строка ИТОГО К ВЫПЛАТЕ по умолчанию: индекс 20
[2026-06-26 11:27:17] [INFO] Блок 1: лучший OCR ФИО 'Лобачев А.Г' (otsu, score=1.000) -> 'Лобачев А.Г.'
[2026-06-26 11:27:17] [INFO] Обработка колонки человека: Лобачев А.Г
[2026-06-26 11:27:17] [INFO] Блок 1: OCR имени 'Лобачев А.Г' -> 'Лобачев А.Г.' (1.000). Топ: Лобачев А.Г.:1.00, Силаев С.Г.:0.67, Лазарев А.Е.:0.64
[2026-06-26 11:27:17] [INFO] Имя после очистки и коррекции: Лобачев А.Г.
[2026-06-26 11:27:18] [INFO] Блок 1: Лобачев А.Г. -> 245000.0 (OCR='245000')
[2026-06-26 11:27:18] [INFO] Строка ИТОГО К ВЫПЛАТЕ зафиксирована на индексе 20
[2026-06-26 11:27:18] [INFO] Итого: Лобачев А.Г. -> 245000.0
[2026-06-26 11:27:18] [INFO] Блок 2: лучший OCR ФИО 'потолочин И.М' (gray, score=1.000) -> 'Потолочин И.М.'
[2026-06-26 11:27:18] [INFO] Обработка колонки человека: потолочин И.М
[2026-06-26 11:27:18] [INFO] Блок 2: OCR имени 'потолочин И.М' -> 'Потолочин И.М.' (1.000). Топ: Потолочин И.М.:1.00, Потолочин М.П.:0.84, Проскурин М.А.:0.46
[2026-06-26 11:27:18] [INFO] Имя после очистки и коррекции: Потолочин И.М.
[2026-06-26 11:27:19] [INFO] Блок 2: Потолочин И.М. -> 196400.0 (OCR='196400')
[2026-06-26 11:27:19] [INFO] Итого: Потолочин И.М. -> 196400.0
[2026-06-26 11:27:19] [INFO] Блок 3: лучший OCR ФИО 'Потолочин м.п' (adaptive, score=1.000) -> 'Потолочин М.П.'
[2026-06-26 11:27:19] [INFO] Обработка колонки человека: Потолочин м.п
[2026-06-26 11:27:19] [INFO] Блок 3: OCR имени 'Потолочин м.п' -> 'Потолочин М.П.' (1.000). Топ: Потолочин М.П.:1.00, Потолочин И.М.:0.84, Проскурин М.А.:0.54
[2026-06-26 11:27:19] [INFO] Имя после очистки и коррекции: Потолочин М.П.
[2026-06-26 11:27:19] [INFO] Блок 3: Потолочин М.П. -> 241995.0 (OCR='241995')
[2026-06-26 11:27:19] [INFO] Итого: Потолочин М.П. -> 241995.0
[2026-06-26 11:27:20] [INFO] Блок 4: лучший OCR ФИО 'проскурин М.А' (otsu, score=1.000) -> 'Проскурин М.А.'
[2026-06-26 11:27:20] [INFO] Обработка колонки человека: проскурин М.А
[2026-06-26 11:27:20] [INFO] Блок 4: OCR имени 'проскурин М.А' -> 'Проскурин М.А.' (1.000). Топ: Проскурин М.А.:1.00, Скрипник А-й.А.:0.57, Скрипник А-р А.:0.57
[2026-06-26 11:27:20] [INFO] Имя после очистки и коррекции: Проскурин М.А.
[2026-06-26 11:27:20] [INFO] Блок 4: Проскурин М.А. -> 167148.0 (OCR='167148')
[2026-06-26 11:27:20] [INFO] Итого: Проскурин М.А. -> 167148.0
[2026-06-26 11:27:21] [INFO] Блок 5: лучший OCR ФИО 'Силаев с.г' (otsu, score=1.000) -> 'Силаев С.Г.'
[2026-06-26 11:27:21] [INFO] Обработка колонки человека: Силаев с.г
[2026-06-26 11:27:21] [INFO] Блок 5: OCR имени 'Силаев с.г' -> 'Силаев С.Г.' (1.000). Топ: Силаев С.Г.:1.00, Лобачев А.Г.:0.67, Лазарев А.Е.:0.60
[2026-06-26 11:27:21] [INFO] Имя после очистки и коррекции: Силаев С.Г.
[2026-06-26 11:27:21] [INFO] Блок 5: Силаев С.Г. -> 205001.0 (OCR='205001')
[2026-06-26 11:27:21] [INFO] Итого: Силаев С.Г. -> 205001.0
[2026-06-26 11:27:21] [INFO] Блок 6: лучший OCR ФИО 'скрипник А-р.А' (otsu, score=1.000) -> 'Скрипник А-р А.'
[2026-06-26 11:27:21] [INFO] Обработка колонки человека: скрипник А-р.А
[2026-06-26 11:27:21] [INFO] Блок 6: OCR имени 'скрипник А-р.А' -> 'Скрипник А-р А.' (1.000). Топ: Скрипник А-р А.:1.00, Скрипник А-й.А.:0.92, Проскурин М.А.:0.57
[2026-06-26 11:27:21] [INFO] Имя после очистки и коррекции: Скрипник А-р А.
[2026-06-26 11:27:22] [INFO] Блок 6: Скрипник А-р А. -> 308312.0 (OCR='308312')
[2026-06-26 11:27:22] [INFO] Итого: Скрипник А-р А. -> 308312.0
[2026-06-26 11:27:22] [INFO] Блок 7: лучший OCR ФИО 'Скрипник А.А' (adaptive, score=0.901) -> 'Скрипник А-й.А.'
[2026-06-26 11:27:22] [INFO] Обработка колонки человека: Скрипник А.А
[2026-06-26 11:27:22] [INFO] Блок 7: OCR имени 'Скрипник А.А' -> 'Скрипник А-й.А.' (0.901). Топ: Скрипник А-й.А.:0.90, Скрипник А-р А.:0.90, Коршунов А.А.:0.58
[2026-06-26 11:27:22] [INFO] Имя после очистки и коррекции: Скрипник А-й.А.
[2026-06-26 11:27:23] [INFO] Блок 7: Скрипник А-й.А. -> 352699.0 (OCR='352699')
[2026-06-26 11:27:23] [INFO] Итого: Скрипник А-й.А. -> 352699.0
[2026-06-26 11:27:23] [INFO] Блок 8: лучший OCR ФИО 'Фокин С.в' (otsu, score=1.000) -> 'Фокин С.В.'
[2026-06-26 11:27:23] [INFO] Обработка колонки человека: Фокин С.в
[2026-06-26 11:27:23] [INFO] Блок 8: OCR имени 'Фокин С.в' -> 'Фокин С.В.' (1.000). Топ: Фокин С.В.:1.00, Проскурин М.А.:0.56, Горенков А.В.:0.48
[2026-06-26 11:27:23] [INFO] Имя после очистки и коррекции: Фокин С.В.
[2026-06-26 11:27:23] [INFO] Блок 8: Фокин С.В. -> 185001.0 (OCR='185001')
[2026-06-26 11:27:23] [INFO] Итого: Фокин С.В. -> 185001.0
[2026-06-26 11:27:23] [INFO] Готово! Данные экспортированы в result.csv. Всего строк: 15
[2026-06-26 11:27:23] [INFO] Очистка временных файлов...
